// Jest Snapshot v1, https://goo.gl/fbAQLP

exports[`analyze-dist command reports a table of stats 1`] = `
"┌──────────────────────────────────────────┬────────────┐
│ name                                     │       size │
├──────────────────────────────────────────┼────────────┤
│ bpm.link.json                            │   68.50 kB │
├──────────────────────────────────────────┼────────────┤
│ prebuilt_recursive_static_conf.json      │    1.55 kB │
├──────────────────────────────────────────┼────────────┤
│ raw_static_conf.json                     │    1.03 kB │
├──────────────────────────────────────────┼────────────┤
│ static_conf.json                         │    1.08 kB │
├──────────────────────────────────────────┼────────────┤
│ dist/assets.manifest.json                │      637 B │
├──────────────────────────────────────────┼────────────┤
│ dist/prebuilt_recursive_static_conf.json │    1.55 kB │
├──────────────────────────────────────────┼────────────┤
│ dist/static_conf.json                    │    1.08 kB │
├──────────────────────────────────────────┼────────────┤
│ dist/html/index.html                     │   35.69 kB │
├──────────────────────────────────────────┼────────────┤
│ dist/html/preload-dlb.html               │      304 B │
├──────────────────────────────────────────┼────────────┤
│ dist/lang/en.js                          │    4.80 kB │
├──────────────────────────────────────────┼────────────┤
│ dist/sass/project.css                    │  195.56 kB │
├──────────────────────────────────────────┼────────────┤
│ dist/test/specs.js                       │ 1172.63 kB │
├──────────────────────────────────────────┼────────────┤
│ dist/test/test.html                      │    2.21 kB │
└──────────────────────────────────────────┴────────────┘"
`;

exports[`analyze-dist command reports a table of stats compared to a baseline 1`] = `
"┌──────────────────────────────────────────┬────────────┬───────────────┐
│ name                                     │       size │ baseline diff │
├──────────────────────────────────────────┼────────────┼───────────────┤
│ bpm.link.json                            │   68.50 kB │     unchanged │
├──────────────────────────────────────────┼────────────┼───────────────┤
│ prebuilt_recursive_static_conf.json      │    1.55 kB │     unchanged │
├──────────────────────────────────────────┼────────────┼───────────────┤
│ raw_static_conf.json                     │    1.03 kB │     unchanged │
├──────────────────────────────────────────┼────────────┼───────────────┤
│ static_conf.json                         │    1.08 kB │     unchanged │
├──────────────────────────────────────────┼────────────┼───────────────┤
│ dist/assets.manifest.json                │      637 B │     unchanged │
├──────────────────────────────────────────┼────────────┼───────────────┤
│ dist/prebuilt_recursive_static_conf.json │    1.55 kB │     unchanged │
├──────────────────────────────────────────┼────────────┼───────────────┤
│ dist/static_conf.json                    │    1.08 kB │     unchanged │
├──────────────────────────────────────────┼────────────┼───────────────┤
│ dist/html/index.html                     │   35.69 kB │     unchanged │
├──────────────────────────────────────────┼────────────┼───────────────┤
│ dist/html/preload-dlb.html               │      304 B │     unchanged │
├──────────────────────────────────────────┼────────────┼───────────────┤
│ dist/lang/en.js                          │    4.80 kB │     unchanged │
├──────────────────────────────────────────┼────────────┼───────────────┤
│ dist/sass/project.css                    │  195.56 kB │     unchanged │
├──────────────────────────────────────────┼────────────┼───────────────┤
│ dist/test/specs.js                       │ 1172.63 kB │     unchanged │
├──────────────────────────────────────────┼────────────┼───────────────┤
│ dist/test/test.html                      │    2.21 kB │     unchanged │
└──────────────────────────────────────────┴────────────┴───────────────┘"
`;
